// Jest Snapshot v1, https://goo.gl/fbAQLP

exports[`component App should render 1`] = `
Array [
  .c0 {
  position: absolute;
  left: 0px;
  top: 0px;
  bottom: 0px;
  right: 0px;
  overflow: hidden;
  background-color: #111111;
  background-image: radial-gradient(circle at 1px 1px,#3f3f3f 1px,transparent 0);
  background-size: 24px 24px;
  background-position: 12px 12px;
}

<div
    className="c0"
  />,
  .c0 {
  position: absolute;
  height: 32px;
  left: 20px;
  bottom: 20px;
  display: -webkit-box;
  display: -webkit-flex;
  display: -ms-flexbox;
  display: flex;
  -webkit-flex-direction: row;
  -ms-flex-direction: row;
  flex-direction: row;
  -webkit-align-items: center;
  -webkit-box-align: center;
  -ms-flex-align: center;
  align-items: center;
}

.c1 {
  width: 8px;
  height: 8px;
  background-color: Green;
  border-radius: 50%;
  color: white;
  margin-top: 2px;
  margin-right: 8px;
}

<div
    className="c0"
  >
    <div
      className="c1"
    />
    <div>
      There is no resources or modules in the file. Nothing to render.
    </div>
  </div>,
]
`;
